---
source: parsa_python/tests/test_grammar.rs
expression: tree_to_string(tree)
---
file: 0-103
 Error(stmt): 1-17
  Error(simple_stmts): 1-17
   Error(simple_stmt): 1-17
    Error(star_expressions): 1-17
     Error(expression): 1-17
      Error(lambda): 1-17
       Keyword: 1-7 "lambda"
       Error(lambda_parameters): 8-17
        lambda_param_with_default: 8-11
         name_definition: 8-9
          Name: 8-9 "a"
         Keyword: 9-10 "="
         expression: 10-11
          atom: 10-11
           Number: 10-11 "3"
        Keyword: 11-12 ","
        Keyword: 13-14 "/"
        Keyword: 14-15 ","
        Error(lambda_param_with_default): 16-17
         name_definition: 16-17
          Name: 16-17 "b"
 Error(stmt): 17-18
  Error(Keyword): 17-18 ":"
 stmt: 19-23
  simple_stmts: 19-23
   simple_stmt: 19-22
    star_expressions: 19-22
     expression: 19-22
      atom: 19-22
       Keyword: 19-22 "..."
   Newline: 22-23 "\n"
 Error(stmt): 23-44
  Error(simple_stmts): 23-44
   Error(simple_stmt): 23-44
    Error(star_expressions): 23-44
     Error(expression): 23-44
      Error(lambda): 23-44
       Keyword: 23-29 "lambda"
       Error(lambda_parameters): 30-44
        lambda_param_with_default: 30-33
         name_definition: 30-31
          Name: 30-31 "a"
         Keyword: 31-32 "="
         expression: 32-33
          atom: 32-33
           Number: 32-33 "3"
        Keyword: 33-34 ","
        Keyword: 35-36 "/"
        Keyword: 36-37 ","
        lambda_param_with_default: 38-41
         name_definition: 38-39
          Name: 38-39 "b"
         Keyword: 39-40 "="
         expression: 40-41
          atom: 40-41
           Number: 40-41 "3"
        Keyword: 41-42 ","
        Error(lambda_param_with_default): 43-44
         name_definition: 43-44
          Name: 43-44 "c"
 Error(stmt): 44-45
  Error(Keyword): 44-45 ":"
 stmt: 46-50
  simple_stmts: 46-50
   simple_stmt: 46-49
    star_expressions: 46-49
     expression: 46-49
      atom: 46-49
       Keyword: 46-49 "..."
   Newline: 49-50 "\n"
 Error(stmt): 50-58
  Error(simple_stmts): 50-58
   Error(simple_stmt): 50-58
    Error(star_expressions): 50-58
     Error(expression): 50-58
      Error(lambda): 50-58
       Keyword: 50-56 "lambda"
       Error(lambda_parameters): 57-58
        Error(lambda_param_with_default): 57-58
         name_definition: 57-58
          Name: 57-58 "a"
 Error(stmt): 58-59
  Error(Keyword): 58-59 ","
 Error(stmt): 60-61
  Error(Keyword): 60-61 "/"
 Error(stmt): 61-62
  Error(Keyword): 61-62 ","
 Error(stmt): 63-69
  Error(simple_stmts): 63-69
   simple_stmt: 63-69
    assignment: 63-69
     star_targets: 63-64
      star_target: 63-64
       target_with_star_atom: 63-64
        star_atom: 63-64
         name_definition: 63-64
          Name: 63-64 "b"
     Keyword: 64-65 "="
     star_expressions: 65-69
      expression: 65-66
       atom: 65-66
        Number: 65-66 "3"
      Keyword: 66-67 ","
      expression: 68-69
       atom: 68-69
        Name: 68-69 "c"
 Error(stmt): 69-70
  Error(Keyword): 69-70 ":"
 stmt: 71-75
  simple_stmts: 71-75
   simple_stmt: 71-74
    star_expressions: 71-74
     expression: 71-74
      atom: 71-74
       Keyword: 71-74 "..."
   Newline: 74-75 "\n"
 Error(stmt): 75-83
  Error(simple_stmts): 75-83
   Error(simple_stmt): 75-83
    Error(star_expressions): 75-83
     Error(expression): 75-83
      Error(lambda): 75-83
       Keyword: 75-81 "lambda"
       Error(lambda_parameters): 82-83
        Error(lambda_param_with_default): 82-83
         name_definition: 82-83
          Name: 82-83 "z"
 Error(stmt): 83-84
  Error(Keyword): 83-84 ","
 Error(stmt): 85-92
  Error(simple_stmts): 85-92
   simple_stmt: 85-92
    assignment: 85-92
     star_targets: 85-86
      star_target: 85-86
       target_with_star_atom: 85-86
        star_atom: 85-86
         name_definition: 85-86
          Name: 85-86 "a"
     Keyword: 86-87 "="
     star_expressions: 87-92
      expression: 87-88
       atom: 87-88
        Number: 87-88 "3"
      Keyword: 88-89 ","
      expression: 90-91
       atom: 90-91
        Name: 90-91 "d"
      Keyword: 91-92 ","
 Error(stmt): 93-94
  Error(Keyword): 93-94 "/"
 Error(stmt): 94-95
  Error(Keyword): 94-95 ","
 stmt: 96-103
  simple_stmts: 96-103
   simple_stmt: 96-102
    assignment: 96-102
     single_target: 96-97
      name_definition: 96-97
       Name: 96-97 "b"
     Keyword: 97-98 ":"
     expression: 99-102
      atom: 99-102
       Keyword: 99-102 "..."
   Newline: 102-103 "\n"
 Endmarker: 103-103 ""

