---
source: parsa_python/tests/test_grammar.rs
expression: tree_to_string(tree)
---
file: 0-185
 stmt: 1-23
  simple_stmts: 1-23
   simple_stmt: 1-22
    star_expressions: 1-22
     expression: 1-22
      lambda: 1-22
       Keyword: 1-7 "lambda"
       lambda_parameters: 8-17
        lambda_param_no_default: 8-9
         name_definition: 8-9
          Name: 8-9 "a"
        Keyword: 9-10 ","
        Keyword: 11-12 "/"
        Keyword: 12-13 ","
        lambda_param_with_default: 14-17
         name_definition: 14-15
          Name: 14-15 "b"
         Keyword: 15-16 "="
         expression: 16-17
          bitwise_or: 16-17
           Number: 16-17 "3"
       Keyword: 17-18 ":"
       expression: 19-22
        bitwise_or: 19-22
         Keyword: 19-22 "..."
   Newline: 22-23 "\n"
 stmt: 23-43
  simple_stmts: 23-43
   simple_stmt: 23-42
    star_expressions: 23-42
     expression: 23-42
      lambda: 23-42
       Keyword: 23-29 "lambda"
       lambda_parameters: 30-37
        lambda_param_with_default: 30-33
         name_definition: 30-31
          Name: 30-31 "a"
         Keyword: 31-32 "="
         expression: 32-33
          bitwise_or: 32-33
           Number: 32-33 "3"
        Keyword: 33-34 ","
        Keyword: 35-36 "/"
        Keyword: 36-37 ","
       Keyword: 37-38 ":"
       expression: 39-42
        bitwise_or: 39-42
         Keyword: 39-42 "..."
   Newline: 42-43 "\n"
 stmt: 43-62
  simple_stmts: 43-62
   simple_stmt: 43-61
    star_expressions: 43-61
     expression: 43-61
      lambda: 43-61
       Keyword: 43-49 "lambda"
       lambda_parameters: 50-56
        lambda_param_with_default: 50-53
         name_definition: 50-51
          Name: 50-51 "a"
         Keyword: 51-52 "="
         expression: 52-53
          bitwise_or: 52-53
           Number: 52-53 "3"
        Keyword: 53-54 ","
        Keyword: 55-56 "/"
       Keyword: 56-57 ":"
       expression: 58-61
        bitwise_or: 58-61
         Keyword: 58-61 "..."
   Newline: 61-62 "\n"
 stmt: 62-93
  simple_stmts: 62-93
   simple_stmt: 62-92
    star_expressions: 62-92
     expression: 62-92
      lambda: 62-92
       Keyword: 62-68 "lambda"
       lambda_parameters: 69-87
        lambda_param_with_default: 69-72
         name_definition: 69-70
          Name: 69-70 "a"
         Keyword: 70-71 "="
         expression: 71-72
          bitwise_or: 71-72
           Number: 71-72 "3"
        Keyword: 72-73 ","
        Keyword: 74-75 "/"
        Keyword: 75-76 ","
        lambda_star_etc: 77-87
         Keyword: 77-78 "*"
         lambda_starred_param: 78-82
          name_definition: 78-82
           Name: 78-82 "args"
         Keyword: 82-83 ","
         lambda_param_maybe_default: 84-87
          name_definition: 84-85
           Name: 84-85 "c"
          Keyword: 85-86 "="
          expression: 86-87
           bitwise_or: 86-87
            Number: 86-87 "3"
       Keyword: 87-88 ":"
       expression: 89-92
        bitwise_or: 89-92
         Keyword: 89-92 "..."
   Newline: 92-93 "\n"
 stmt: 93-117
  simple_stmts: 93-117
   simple_stmt: 93-116
    star_expressions: 93-116
     expression: 93-116
      lambda: 93-116
       Keyword: 93-99 "lambda"
       lambda_parameters: 100-111
        lambda_param_with_default: 100-103
         name_definition: 100-101
          Name: 100-101 "a"
         Keyword: 101-102 "="
         expression: 102-103
          bitwise_or: 102-103
           Number: 102-103 "3"
        Keyword: 103-104 ","
        Keyword: 105-106 "/"
        Keyword: 106-107 ","
        lambda_param_with_default: 108-111
         name_definition: 108-109
          Name: 108-109 "c"
         Keyword: 109-110 "="
         expression: 110-111
          bitwise_or: 110-111
           Number: 110-111 "3"
       Keyword: 111-112 ":"
       expression: 113-116
        bitwise_or: 113-116
         Keyword: 113-116 "..."
   Newline: 116-117 "\n"
 stmt: 117-152
  simple_stmts: 117-152
   simple_stmt: 117-151
    star_expressions: 117-151
     expression: 117-151
      lambda: 117-151
       Keyword: 117-123 "lambda"
       lambda_parameters: 124-146
        lambda_param_no_default: 124-125
         name_definition: 124-125
          Name: 124-125 "a"
        Keyword: 125-126 ","
        Keyword: 127-128 "/"
        Keyword: 128-129 ","
        lambda_param_no_default: 130-131
         name_definition: 130-131
          Name: 130-131 "b"
        Keyword: 131-132 ","
        lambda_param_with_default: 133-136
         name_definition: 133-134
          Name: 133-134 "c"
         Keyword: 134-135 "="
         expression: 135-136
          bitwise_or: 135-136
           Number: 135-136 "3"
        Keyword: 136-137 ","
        lambda_star_etc: 138-146
         lambda_double_starred_param: 138-146
          Keyword: 138-140 "**"
          name_definition: 140-146
           Name: 140-146 "kwargs"
       Keyword: 146-147 ":"
       expression: 148-151
        bitwise_or: 148-151
         Keyword: 148-151 "..."
   Newline: 151-152 "\n"
 stmt: 152-185
  simple_stmts: 152-185
   simple_stmt: 152-184
    star_expressions: 152-184
     expression: 152-184
      lambda: 152-184
       Keyword: 152-158 "lambda"
       lambda_parameters: 159-179
        lambda_param_no_default: 159-160
         name_definition: 159-160
          Name: 159-160 "a"
        Keyword: 160-161 ","
        lambda_param_with_default: 162-165
         name_definition: 162-163
          Name: 162-163 "a"
         Keyword: 163-164 "="
         expression: 164-165
          bitwise_or: 164-165
           Number: 164-165 "3"
        Keyword: 165-166 ","
        Keyword: 167-168 "/"
        Keyword: 168-169 ","
        lambda_param_with_default: 170-173
         name_definition: 170-171
          Name: 170-171 "c"
         Keyword: 171-172 "="
         expression: 172-173
          bitwise_or: 172-173
           Number: 172-173 "3"
        Keyword: 173-174 ","
        lambda_star_etc: 175-179
         Keyword: 175-176 "*"
         Keyword: 176-177 ","
         lambda_param_maybe_default: 178-179
          name_definition: 178-179
           Name: 178-179 "d"
       Keyword: 179-180 ":"
       expression: 181-184
        bitwise_or: 181-184
         Keyword: 181-184 "..."
   Newline: 184-185 "\n"
 Endmarker: 185-185 ""

