---
source: parsa_python/tests/test_grammar.rs
expression: tree_to_string(tree)
---
file: 0-66
 stmt: 1-13
  simple_stmts: 1-13
   simple_stmt: 1-12
    assignment: 1-12
     single_target: 1-7
      t_primary: 1-7
       t_primary: 1-4
        atom: 1-4
         Name: 1-4 "foo"
       Keyword: 4-5 "["
       slices: 5-6
        slice: 5-6
         named_expression: 5-6
          expression: 5-6
           atom: 5-6
            Number: 5-6 "0"
       Keyword: 6-7 "]"
     augassign: 8-10
      Keyword: 8-10 "+="
     star_expressions: 11-12
      expression: 11-12
       atom: 11-12
        Number: 11-12 "3"
   Newline: 12-13 "\n"
 stmt: 13-28
  simple_stmts: 13-28
   simple_stmt: 13-27
    assignment: 13-27
     star_targets: 13-19
      star_target: 13-19
       target_with_star_atom: 13-19
        t_primary: 13-19
         t_primary: 13-16
          atom: 13-16
           Name: 13-16 "foo"
         Keyword: 16-17 "["
         slices: 17-18
          slice: 17-18
           named_expression: 17-18
            expression: 17-18
             atom: 17-18
              Number: 17-18 "0"
         Keyword: 18-19 "]"
     Keyword: 20-21 "="
     star_targets: 22-23
      star_target: 22-23
       target_with_star_atom: 22-23
        star_atom: 22-23
         name_definition: 22-23
          Name: 22-23 "a"
     Keyword: 24-25 "="
     star_expressions: 26-27
      expression: 26-27
       atom: 26-27
        Number: 26-27 "3"
   Newline: 27-28 "\n"
 stmt: 28-42
  simple_stmts: 28-42
   simple_stmt: 28-41
    assignment: 28-41
     star_targets: 28-37
      star_target: 28-37
       target_with_star_atom: 28-37
        t_primary: 28-37
         t_primary: 28-31
          atom: 28-31
           Name: 28-31 "foo"
         Keyword: 31-32 "["
         slices: 32-36
          slice: 32-33
           named_expression: 32-33
            expression: 32-33
             atom: 32-33
              Name: 32-33 "a"
          Keyword: 33-34 ","
          slice: 35-36
           named_expression: 35-36
            expression: 35-36
             atom: 35-36
              Name: 35-36 "b"
         Keyword: 36-37 "]"
     Keyword: 38-39 "="
     star_expressions: 40-41
      expression: 40-41
       atom: 40-41
        Name: 40-41 "c"
   Newline: 41-42 "\n"
 stmt: 42-66
  simple_stmts: 42-66
   simple_stmt: 42-65
    assignment: 42-65
     star_targets: 42-61
      star_target: 42-61
       target_with_star_atom: 42-61
        t_primary: 42-61
         t_primary: 42-45
          atom: 42-45
           Name: 42-45 "foo"
         Keyword: 45-46 "["
         slices: 46-60
          slice: 46-49
           expression: 46-47
            atom: 46-47
             Name: 46-47 "a"
           Keyword: 47-48 ":"
           Keyword: 48-49 ":"
          Keyword: 49-50 ","
          slice: 51-54
           expression: 51-52
            atom: 51-52
             Name: 51-52 "b"
           Keyword: 52-53 ":"
           expression: 53-54
            atom: 53-54
             Name: 53-54 "f"
          Keyword: 54-55 ","
          slice: 56-60
           named_expression: 56-60
            name_definition: 56-57
             Name: 56-57 "c"
            Keyword: 57-59 ":="
            expression: 59-60
             atom: 59-60
              Number: 59-60 "3"
         Keyword: 60-61 "]"
     Keyword: 62-63 "="
     star_expressions: 64-65
      expression: 64-65
       atom: 64-65
        Name: 64-65 "c"
   Newline: 65-66 "\n"
 Endmarker: 66-66 ""

