---
source: parsa_python/tests/test_grammar.rs
expression: tree_to_string(tree)
---
file: 0-148
 stmt: 1-13
  simple_stmts: 1-13
   simple_stmt: 1-12
    expr_stmt: 1-12
     star_expressions: 1-12
      expression: 1-12
       bitwise_or: 1-12
        primary: 1-12
         Name: 1-4 "foo"
         Keyword: 4-5 "("
         arguments: 5-11
          named_expression: 5-8
           expression: 5-8
            bitwise_or: 5-8
             Name: 5-8 "bar"
          Keyword: 8-9 ","
          named_expression: 10-11
           expression: 10-11
            bitwise_or: 10-11
             Number: 10-11 "3"
         Keyword: 11-12 ")"
   Newline: 12-13 "\n"
 stmt: 13-28
  simple_stmts: 13-28
   simple_stmt: 13-27
    expr_stmt: 13-27
     star_expressions: 13-27
      expression: 13-27
       bitwise_or: 13-27
        primary: 13-27
         Name: 13-16 "foo"
         Keyword: 16-17 "("
         arguments: 17-26
          named_expression: 17-20
           expression: 17-20
            bitwise_or: 17-20
             Name: 17-20 "bar"
          Keyword: 20-21 ","
          starred_expression: 22-26
           Keyword: 22-23 "*"
           expression: 23-26
            bitwise_or: 23-26
             Name: 23-26 "foo"
         Keyword: 26-27 ")"
   Newline: 27-28 "\n"
 stmt: 28-51
  simple_stmts: 28-51
   simple_stmt: 28-50
    expr_stmt: 28-50
     star_expressions: 28-50
      expression: 28-50
       bitwise_or: 28-50
        primary: 28-50
         Name: 28-31 "foo"
         Keyword: 31-32 "("
         arguments: 32-49
          named_expression: 32-35
           expression: 32-35
            bitwise_or: 32-35
             Name: 32-35 "bar"
          Keyword: 35-36 ","
          starred_expression: 37-41
           Keyword: 37-38 "*"
           expression: 38-41
            bitwise_or: 38-41
             Name: 38-41 "foo"
          Keyword: 41-42 ","
          kwargs: 43-49
           kwarg_or_starred: 43-49
            Name: 43-47 "name"
            Keyword: 47-48 "="
            expression: 48-49
             bitwise_or: 48-49
              Number: 48-49 "3"
         Keyword: 49-50 ")"
   Newline: 50-51 "\n"
 stmt: 51-84
  simple_stmts: 51-84
   simple_stmt: 51-83
    expr_stmt: 51-83
     star_expressions: 51-83
      expression: 51-83
       bitwise_or: 51-83
        primary: 51-83
         Name: 51-54 "foo"
         Keyword: 54-55 "("
         arguments: 55-82
          named_expression: 55-58
           expression: 55-58
            bitwise_or: 55-58
             Name: 55-58 "bar"
          Keyword: 58-59 ","
          starred_expression: 60-64
           Keyword: 60-61 "*"
           expression: 61-64
            bitwise_or: 61-64
             Name: 61-64 "foo"
          Keyword: 64-65 ","
          kwargs: 66-82
           kwarg_or_starred: 66-72
            Name: 66-70 "name"
            Keyword: 70-71 "="
            expression: 71-72
             bitwise_or: 71-72
              Number: 71-72 "3"
           Keyword: 72-73 ","
           double_starred_expression: 74-82
            Keyword: 74-76 "**"
            expression: 76-82
             bitwise_or: 76-82
              Name: 76-82 "kwargs"
         Keyword: 82-83 ")"
   Newline: 83-84 "\n"
 stmt: 84-122
  simple_stmts: 84-122
   simple_stmt: 84-121
    expr_stmt: 84-121
     star_expressions: 84-121
      expression: 84-121
       bitwise_or: 84-121
        primary: 84-121
         Name: 84-87 "foo"
         Keyword: 87-88 "("
         arguments: 88-120
          named_expression: 88-91
           expression: 88-91
            bitwise_or: 88-91
             Name: 88-91 "bar"
          Keyword: 91-92 ","
          starred_expression: 93-97
           Keyword: 93-94 "*"
           expression: 94-97
            bitwise_or: 94-97
             Name: 94-97 "foo"
          Keyword: 97-98 ","
          kwargs: 99-120
           kwarg_or_starred: 99-105
            Name: 99-103 "name"
            Keyword: 103-104 "="
            expression: 104-105
             bitwise_or: 104-105
              Number: 104-105 "3"
           Keyword: 105-106 ","
           double_starred_expression: 107-115
            Keyword: 107-109 "**"
            expression: 109-115
             bitwise_or: 109-115
              Name: 109-115 "kwargs"
           Keyword: 115-116 ","
           kwarg: 117-120
            Name: 117-118 "b"
            Keyword: 118-119 "="
            expression: 119-120
             bitwise_or: 119-120
              Number: 119-120 "3"
         Keyword: 120-121 ")"
   Newline: 121-122 "\n"
 stmt: 122-148
  simple_stmts: 122-148
   simple_stmt: 122-147
    expr_stmt: 122-147
     star_expressions: 122-147
      expression: 122-147
       bitwise_or: 122-147
        primary: 122-147
         Name: 122-125 "foo"
         Keyword: 125-126 "("
         arguments: 126-146
          kwargs: 126-146
           double_starred_expression: 126-134
            Keyword: 126-128 "**"
            expression: 128-134
             bitwise_or: 128-134
              Name: 128-134 "kwargs"
           Keyword: 134-135 ","
           kwarg: 136-139
            Name: 136-137 "b"
            Keyword: 137-138 "="
            expression: 138-139
             bitwise_or: 138-139
              Number: 138-139 "3"
           Keyword: 139-140 ","
           double_starred_expression: 141-146
            Keyword: 141-143 "**"
            expression: 143-146
             bitwise_or: 143-146
              Name: 143-146 "foo"
         Keyword: 146-147 ")"
   Newline: 147-148 "\n"
 Endmarker: 148-148 ""

