---
source: parsa_python/tests/test_grammar.rs
expression: tree_to_string(tree)
---
file: 0-48
 stmt: 1-22
  compound_stmt: 1-22
   with_stmt: 1-22
    Keyword: 1-5 "with"
    with_item: 6-16
     expression: 6-9
      bitwise_or: 6-9
       Name: 6-9 "foo"
     Keyword: 10-12 "as"
     star_target: 13-16
      target_with_star_atom: 13-16
       star_atom: 13-16
        name_definition: 13-16
         Name: 13-16 "bar"
    Keyword: 16-17 ":"
    block: 18-22
     simple_stmts: 18-22
      simple_stmt: 18-21
       expr_stmt: 18-21
        star_expressions: 18-21
         expression: 18-21
          bitwise_or: 18-21
           Keyword: 18-21 "..."
      Newline: 21-22 "\n"
 stmt: 22-48
  compound_stmt: 22-48
   with_stmt: 22-48
    Keyword: 22-26 "with"
    with_item: 27-37
     expression: 27-30
      bitwise_or: 27-30
       Name: 27-30 "foo"
     Keyword: 31-33 "as"
     star_target: 34-37
      target_with_star_atom: 34-37
       star_atom: 34-37
        name_definition: 34-37
         Name: 34-37 "bar"
    Keyword: 37-38 ","
    with_item: 39-42
     expression: 39-42
      bitwise_or: 39-42
       Name: 39-42 "baz"
    Keyword: 42-43 ":"
    block: 44-48
     simple_stmts: 44-48
      simple_stmt: 44-47
       expr_stmt: 44-47
        star_expressions: 44-47
         expression: 44-47
          bitwise_or: 44-47
           Keyword: 44-47 "..."
      Newline: 47-48 "\n"
 Endmarker: 48-48 ""

