---
source: parsa_python/tests/test_grammar.rs
expression: tree_to_string(tree)
---
file: 0-37
 stmt: 1-10
  simple_stmts: 1-10
   simple_stmt: 1-9
    assignment: 1-9
     single_target: 1-4
      name_definition: 1-4
       Name: 1-4 "foo"
     augassign: 5-7
      Keyword: 5-7 "+="
     star_expressions: 8-9
      expression: 8-9
       bitwise_or: 8-9
        Number: 8-9 "3"
   Newline: 9-10 "\n"
 stmt: 10-23
  simple_stmts: 10-23
   simple_stmt: 10-22
    assignment: 10-22
     single_target: 10-17
      t_primary: 10-17
       t_primary: 10-13
        Name: 10-13 "foo"
       Keyword: 13-14 "."
       name_definition: 14-17
        Name: 14-17 "bar"
     augassign: 18-20
      Keyword: 18-20 "|="
     star_expressions: 21-22
      expression: 21-22
       bitwise_or: 21-22
        Number: 21-22 "3"
   Newline: 22-23 "\n"
 Error(stmt): 23-31
  Error(simple_stmts): 23-31
   simple_stmt: 23-31
    star_expressions: 23-31
     expression: 23-26
      bitwise_or: 23-26
       Name: 23-26 "foo"
     Keyword: 26-27 ","
     expression: 28-31
      bitwise_or: 28-31
       Name: 28-31 "bar"
 Error(stmt): 32-34
  Error(Keyword): 32-34 "+="
 stmt: 35-37
  simple_stmts: 35-37
   simple_stmt: 35-36
    star_expressions: 35-36
     expression: 35-36
      bitwise_or: 35-36
       Number: 35-36 "3"
   Newline: 36-37 "\n"
 Endmarker: 37-37 ""

