---
source: parsa_python/tests/test_grammar.rs
expression: tree_to_string(tree)
---
file: 0-63
 stmt: 1-15
  simple_stmts: 1-15
   simple_stmt: 1-14
    assignment: 1-14
     star_targets: 1-10
      t_primary: 1-10
       t_primary: 1-6
        t_primary: 1-4
         atom: 1-4
          Name: 1-4 "foo"
        Keyword: 4-5 "("
        Keyword: 5-6 ")"
       Keyword: 6-7 "."
       name_definition: 7-10
        Name: 7-10 "bar"
     Keyword: 11-12 "="
     star_expressions: 13-14
      expression: 13-14
       atom: 13-14
        Number: 13-14 "1"
   Newline: 14-15 "\n"
 stmt: 15-34
  simple_stmts: 15-34
   simple_stmt: 15-33
    assignment: 15-33
     star_targets: 15-29
      t_primary: 15-29
       t_primary: 15-26
        t_primary: 15-22
         t_primary: 15-18
          atom: 15-18
           Name: 15-18 "foo"
         Keyword: 18-19 "("
         arguments: 19-21
          named_expression: 19-20
           expression: 19-20
            atom: 19-20
             Number: 19-20 "1"
          Keyword: 20-21 ","
         Keyword: 21-22 ")"
        Keyword: 22-23 "."
        Name: 23-26 "bar"
       Keyword: 26-27 "["
       slices: 27-28
        slice: 27-28
         named_expression: 27-28
          expression: 27-28
           atom: 27-28
            Number: 27-28 "1"
       Keyword: 28-29 "]"
     Keyword: 30-31 "="
     star_expressions: 32-33
      expression: 32-33
       atom: 32-33
        Number: 32-33 "1"
   Newline: 33-34 "\n"
 stmt: 34-63
  simple_stmts: 34-63
   simple_stmt: 34-62
    assignment: 34-62
     star_targets: 34-58
      t_primary: 34-58
       t_primary: 34-55
        t_primary: 34-51
         t_primary: 34-37
          atom: 34-37
           Name: 34-37 "foo"
         Keyword: 37-38 "("
         comprehension: 38-50
          named_expression: 38-39
           expression: 38-39
            atom: 38-39
             Name: 38-39 "a"
          for_if_clauses: 40-50
           sync_for_if_clause: 40-50
            Keyword: 40-43 "for"
            star_targets: 44-45
             name_definition: 44-45
              Name: 44-45 "a"
            Keyword: 46-48 "in"
            atom: 49-50
             Name: 49-50 "b"
         Keyword: 50-51 ")"
        Keyword: 51-52 "."
        Name: 52-55 "bar"
       Keyword: 55-56 "["
       slices: 56-57
        slice: 56-57
         named_expression: 56-57
          expression: 56-57
           atom: 56-57
            Number: 56-57 "1"
       Keyword: 57-58 "]"
     Keyword: 59-60 "="
     star_expressions: 61-62
      expression: 61-62
       atom: 61-62
        Number: 61-62 "1"
   Newline: 62-63 "\n"
 Endmarker: 63-63 ""

