---
source: parsa_python/tests/test_grammar.rs
expression: tree_to_string(tree)
---
file: 0-10
 stmt: 1-10
  simple_stmts: 1-10
   simple_stmt: 1-9
    star_expressions: 1-9
     expression: 1-9
      primary: 1-9
       primary: 1-7
        atom: 1-4
         Name: 1-4 "foo"
        Keyword: 4-5 "("
        arguments: 5-6
         named_expression: 5-6
          expression: 5-6
           atom: 5-6
            Number: 5-6 "1"
        Keyword: 6-7 ")"
       Keyword: 7-8 "("
       Keyword: 8-9 ")"
   Newline: 9-10 "\n"
 Endmarker: 10-10 ""

