---
source: parsa_python/tests/test_grammar.rs
expression: tree_to_string(tree)
---
file: 0-55
 stmt: 1-12
  simple_stmts: 1-12
   simple_stmt: 1-11
    import_name: 1-11
     Keyword: 1-7 "import"
     dotted_as_names: 8-11
      dotted_as_name: 8-11
       dotted_name: 8-11
        Name: 8-11 "foo"
   Newline: 11-12 "\n"
 stmt: 12-34
  simple_stmts: 12-34
   simple_stmt: 12-33
    import_name: 12-33
     Keyword: 12-18 "import"
     dotted_as_names: 19-33
      dotted_as_name: 19-33
       dotted_name: 19-26
        dotted_name: 19-22
         Name: 19-22 "foo"
        Keyword: 22-23 "."
        Name: 23-26 "bar"
       Keyword: 27-29 "as"
       Name: 30-33 "baz"
   Newline: 33-34 "\n"
 stmt: 34-55
  simple_stmts: 34-55
   simple_stmt: 34-54
    import_name: 34-54
     Keyword: 34-40 "import"
     dotted_as_names: 41-54
      dotted_as_name: 41-44
       dotted_name: 41-44
        Name: 41-44 "foo"
      Keyword: 44-45 ","
      dotted_as_name: 46-49
       dotted_name: 46-49
        Name: 46-49 "bar"
      Keyword: 49-50 ","
      dotted_as_name: 51-54
       dotted_name: 51-54
        Name: 51-54 "baz"
   Newline: 54-55 "\n"
 Endmarker: 55-55 ""

