---
source: parsa_python/tests/test_grammar.rs
expression: tree_to_string(tree)
---
file: 0-53
 stmt: 1-10
  simple_stmts: 1-10
   simple_stmt: 1-9
    assignment: 1-9
     single_target: 1-4
      name_definition: 1-4
       Name: 1-4 "foo"
     Keyword: 4-5 ":"
     expression: 6-9
      atom: 6-9
       Name: 6-9 "bar"
   Newline: 9-10 "\n"
 stmt: 10-23
  simple_stmts: 10-23
   simple_stmt: 10-22
    assignment: 10-22
     single_target: 10-13
      name_definition: 10-13
       Name: 10-13 "foo"
     Keyword: 13-14 ":"
     expression: 15-18
      atom: 15-18
       Name: 15-18 "int"
     Keyword: 19-20 "="
     star_expressions: 21-22
      expression: 21-22
       atom: 21-22
        Number: 21-22 "3"
   Newline: 22-23 "\n"
 stmt: 23-36
  simple_stmts: 23-36
   simple_stmt: 23-35
    assignment: 23-35
     single_target: 23-30
      t_primary: 23-30
       t_primary: 23-26
        atom: 23-26
         Name: 23-26 "foo"
       Keyword: 26-27 "."
       name_definition: 27-30
        Name: 27-30 "bar"
     Keyword: 30-31 ":"
     expression: 32-35
      atom: 32-35
       Name: 32-35 "baz"
   Newline: 35-36 "\n"
 Error(stmt): 36-48
  Error(simple_stmts): 36-48
   simple_stmt: 36-48
    assignment: 36-48
     single_target: 36-39
      name_definition: 36-39
       Name: 36-39 "foo"
     Keyword: 39-40 ":"
     expression: 41-44
      atom: 41-44
       Name: 41-44 "bar"
     Keyword: 45-46 "="
     star_expressions: 47-48
      expression: 47-48
       atom: 47-48
        Name: 47-48 "a"
 Error(stmt): 49-50
  Error(Keyword): 49-50 "="
 stmt: 51-53
  simple_stmts: 51-53
   simple_stmt: 51-52
    star_expressions: 51-52
     expression: 51-52
      atom: 51-52
       Number: 51-52 "4"
   Newline: 52-53 "\n"
 Endmarker: 53-53 ""

