---
source: crates/parsa_python/tests/test_grammar.rs
assertion_line: 43
expression: tree_to_string(tree)
snapshot_kind: text
---
file: 0-57
 stmt: 1-57
  match_stmt: 1-57
   Keyword: 1-6 "match"
   subject_expr: 7-10
    named_expression: 7-10
     expression: 7-10
      atom: 7-10
       Name: 7-10 "foo"
   Keyword: 10-11 ":"
   Newline: 11-12 "\n"
   Indent: 16-16 ""
   case_block: 16-32
    Keyword: 16-20 "case"
    pattern: 21-26
     sequence_pattern: 21-26
      Keyword: 21-22 "["
      open_sequence_pattern: 22-25
       pattern: 22-25
        literal_pattern: 22-25
         strings: 22-25
          String: 22-25 "'a'"
      Keyword: 25-26 "]"
    Keyword: 26-27 ":"
    block: 28-32
     simple_stmts: 28-32
      simple_stmt: 28-31
       star_expressions: 28-31
        expression: 28-31
         atom: 28-31
          Keyword: 28-31 "..."
      Newline: 31-32 "\n"
   case_block: 36-57
    Keyword: 36-40 "case"
    pattern: 41-42
     wildcard_pattern: 41-42
      Keyword: 41-42 "_"
    Keyword: 42-43 ":"
    block: 43-57
     Newline: 43-44 "\n"
     Indent: 52-52 ""
     stmt: 52-57
      simple_stmts: 52-57
       simple_stmt: 52-56
        pass_stmt: 52-56
         Keyword: 52-56 "pass"
       Newline: 56-57 "\n"
     Dedent: 57-57 ""
   Dedent: 57-57 ""
 Endmarker: 57-57 ""
