---
source: parsa_python/tests/test_grammar.rs
expression: tree_to_string(tree)
---
file: 0-1
 Endmarker: 1-1 ""

