---
source: crates/parsa_python/tests/test_grammar.rs
assertion_line: 43
expression: tree_to_string(tree)
snapshot_kind: text
---
file: 0-63
 stmt: 1-53
  match_stmt: 1-53
   Keyword: 1-6 "match"
   subject_expr: 7-8
    named_expression: 7-8
     expression: 7-8
      atom: 7-8
       Name: 7-8 "_"
   Keyword: 8-9 ":"
   Newline: 9-10 "\n"
   Indent: 14-14 ""
   case_block: 14-31
    Keyword: 14-18 "case"
    pattern: 19-24
     sequence_pattern: 19-24
      Keyword: 19-20 "["
      open_sequence_pattern: 20-23
       pattern: 20-23
        literal_pattern: 20-23
         strings: 20-23
          String: 20-23 "'a'"
      Keyword: 23-24 "]"
    Keyword: 24-25 ":"
    block: 26-31
     simple_stmts: 26-31
      simple_stmt: 26-30
       star_expressions: 26-30
        expression: 26-30
         primary: 26-30
          atom: 26-27
           Name: 26-27 "_"
          Keyword: 27-28 "("
          arguments: 28-29
           named_expression: 28-29
            expression: 28-29
             atom: 28-29
              Name: 28-29 "_"
          Keyword: 29-30 ")"
      Newline: 30-31 "\n"
   case_block: 35-53
    Keyword: 35-39 "case"
    pattern: 40-41
     wildcard_pattern: 40-41
      Keyword: 40-41 "_"
    Keyword: 41-42 ":"
    block: 42-53
     Newline: 42-43 "\n"
     Indent: 51-51 ""
     stmt: 51-53
      simple_stmts: 51-53
       simple_stmt: 51-52
        star_expressions: 51-52
         expression: 51-52
          atom: 51-52
           Name: 51-52 "_"
       Newline: 52-53 "\n"
     Dedent: 53-53 ""
   Dedent: 53-53 ""
 stmt: 53-63
  simple_stmts: 53-63
   simple_stmt: 53-62
    assignment: 53-62
     star_targets: 53-58
      name_def: 53-58
       Name: 53-58 "match"
     Keyword: 59-60 "="
     star_expressions: 61-62
      expression: 61-62
       atom: 61-62
        Number: 61-62 "3"
   Newline: 62-63 "\n"
 Endmarker: 63-63 ""
