---
source: crates/parsa_python/tests/test_grammar.rs
assertion_line: 43
expression: tree_to_string(tree)
snapshot_kind: text
---
file: 0-74
 stmt: 1-21
  simple_stmts: 1-21
   simple_stmt: 1-20
    import_from: 1-20
     Keyword: 1-5 "from"
     dotted_import_name: 6-9
      Name: 6-9 "foo"
     Keyword: 10-16 "import"
     import_from_targets: 17-20
      import_from_as_name: 17-20
       name_def: 17-20
        Name: 17-20 "bar"
   Newline: 20-21 "\n"
 stmt: 21-48
  simple_stmts: 21-48
   simple_stmt: 21-47
    import_from: 21-47
     Keyword: 21-25 "from"
     dotted_import_name: 26-29
      Name: 26-29 "foo"
     Keyword: 30-36 "import"
     import_from_targets: 37-47
      import_from_as_name: 37-47
       Name: 37-40 "bar"
       Keyword: 41-43 "as"
       name_def: 44-47
        Name: 44-47 "baz"
   Newline: 47-48 "\n"
 stmt: 48-74
  simple_stmts: 48-74
   simple_stmt: 48-73
    import_from: 48-73
     Keyword: 48-52 "from"
     dotted_import_name: 53-64
      dotted_import_name: 53-60
       dotted_import_name: 53-56
        Name: 53-56 "foo"
       Keyword: 56-57 "."
       Name: 57-60 "bar"
      Keyword: 60-61 "."
      Name: 61-64 "baz"
     Keyword: 65-71 "import"
     import_from_targets: 72-73
      Keyword: 72-73 "*"
   Newline: 73-74 "\n"
 Endmarker: 74-74 ""
